[spicy] Mini::Test
[spicy]   f1 = 10000
[spicy]   f2 = 42
